ubuntu@ip-172-31-9-246:~$ docker ps
permission denied while trying to connect to the Docker daemon socket at unix://                                                                             /var/run/docker.sock: Get "http://%2Fvar%2Frun%2Fdocker.sock/v1.51/containers/js                                                                             on": dial unix /var/run/docker.sock: connect: permission denied
ubuntu@ip-172-31-9-246:~$ sudo usermod -aG docker $USER
ubuntu@ip-172-31-9-246:~$ docker ps
permission denied while trying to connect to the Docker daemon socket at unix://                                                                             /var/run/docker.sock: Get "http://%2Fvar%2Frun%2Fdocker.sock/v1.51/containers/js                                                                             on": dial unix /var/run/docker.sock: connect: permission denied
ubuntu@ip-172-31-9-246:~$ sudo docker ps
CONTAINER ID   IMAGE     COMMAND   CREATED   STATUS    PORTS     NAMES
ubuntu@ip-172-31-9-246:~$ sudo usermod -aG docker $USER
ubuntu@ip-172-31-9-246:~$
ubuntu@ip-172-31-9-246:~$
ubuntu@ip-172-31-9-246:~$ docker ps
permission denied while trying to connect to the Docker daemon socket at unix://                                                                             /var/run/docker.sock: Get "http://%2Fvar%2Frun%2Fdocker.sock/v1.51/containers/js                                                                             on": dial unix /var/run/docker.sock: connect: permission denied
ubuntu@ip-172-31-9-246:~$ sudo usermod -aG docker ubuntu
ubuntu@ip-172-31-9-246:~$ docker ps
permission denied while trying to connect to the Docker daemon socket at unix://                                                                             /var/run/docker.sock: Get "http://%2Fvar%2Frun%2Fdocker.sock/v1.51/containers/js                                                                             on": dial unix /var/run/docker.sock: connect: permission denied
ubuntu@ip-172-31-9-246:~$
ubuntu@ip-172-31-9-246:~$
ubuntu@ip-172-31-9-246:~$
ubuntu@ip-172-31-9-246:~$
ubuntu@ip-172-31-9-246:~$ reboot
Call to Reboot failed: Interactive authentication required.
ubuntu@ip-172-31-9-246:~$ sudo reboot

Broadcast message from root@ip-172-31-9-246 on pts/1 (Sat 2025-11-08 02:40:40 UT                                                                             C):

The system will reboot now!

ubuntu@ip-172-31-9-246:~$
Using username "ubuntu".
Authenticating with public key "docker"
Welcome to Ubuntu 24.04.3 LTS (GNU/Linux 6.14.0-1016-aws x86_64)

 * Documentation:  https://help.ubuntu.com
 * Management:     https://landscape.canonical.com
 * Support:        https://ubuntu.com/pro

 System information as of Sat Nov  8 02:42:47 UTC 2025

  System load:  0.32              Processes:             113
  Usage of /:   38.7% of 6.71GB   Users logged in:       0
  Memory usage: 24%               IPv4 address for enX0: 172.31.9.246
  Swap usage:   0%


Expanded Security Maintenance for Applications is not enabled.

0 updates can be applied immediately.

Enable ESM Apps to receive additional future security updates.
See https://ubuntu.com/esm or run: sudo pro status


Last login: Sat Nov  8 02:32:31 2025 from 61.27.170.184
ubuntu@ip-172-31-9-246:~$ docker ps
CONTAINER ID   IMAGE     COMMAND   CREATED   STATUS    PORTS     NAMES
ubuntu@ip-172-31-9-246:~$ docker ps
CONTAINER ID   IMAGE     COMMAND   CREATED   STATUS    PORTS     NAMES
ubuntu@ip-172-31-9-246:~$ docker
attach      (Attach local standard input, output, and error streams to a runni…)
bake        (Build from a file)
build       (Build an image from a Dockerfile)
builder     (Manage builds)
buildx      (Docker Buildx)
checkpoint  (Manage checkpoints)
commit      (Create a new image from a container's changes)
compose     (Docker Compose)
config      (Manage Swarm configs)
container   (Manage containers)
context     (Manage contexts)
cp          (Copy files/folders between a container and the local filesystem)
create      (Create a new container)
diff        (Inspect changes to files or directories on a container's filesyst…)
events      (Get real time events from the server)
exec        (Execute a command in a running container)
export      (Export a container's filesystem as a tar archive)
help        (Help about the command)
history     (Show the history of an image)
image       (Manage images)
images      (List images)
import      (Import the contents from a tarball to create a filesystem image)
info        (Display system-wide information)
inspect     (Return low-level information on Docker objects)
kill        (Kill one or more running containers)
load        (Load an image from a tar archive or STDIN)
login       (Authenticate to a registry)
logout      (Log out from a registry)
logs        (Fetch the logs of a container)
manifest    (Manage Docker image manifests and manifest lists)
network     (Manage networks)
node        (Manage Swarm nodes)
pause       (Pause all processes within one or more containers)
plugin      (Manage plugins)
port        (List port mappings or a specific mapping for the container)
ps          (List containers)
pull        (Download an image from a registry)
push        (Upload an image to a registry)
rename      (Rename a container)
restart     (Restart one or more containers)
rm          (Remove one or more containers)
rmi         (Remove one or more images)
run         (Create and run a new container from an image)
save        (Save one or more images to a tar archive (streamed to STDOUT by d…)
--More--                                 ^C
ubuntu@ip-172-31-9-246:~$ docker run hello-world:latest

Hello from Docker!
This message shows that your installation appears to be working correctly.

To generate this message, Docker took the following steps:
 1. The Docker client contacted the Docker daemon.
 2. The Docker daemon pulled the "hello-world" image from the Docker Hub.
    (amd64)
 3. The Docker daemon created a new container from that image which runs the
    executable that produces the output you are currently reading.
 4. The Docker daemon streamed that output to the Docker client, which sent it
    to your terminal.

To try something more ambitious, you can run an Ubuntu container with:
 $ docker run -it ubuntu bash

Share images, automate workflows, and more with a free Docker ID:
 https://hub.docker.com/

For more examples and ideas, visit:
 https://docs.docker.com/get-started/

ubuntu@ip-172-31-9-246:~$ docker ps
CONTAINER ID   IMAGE     COMMAND   CREATED   STATUS    PORTS     NAMES
ubuntu@ip-172-31-9-246:~$
ubuntu@ip-172-31-9-246:~$
ubuntu@ip-172-31-9-246:~$ docker pull nginx:trixie-perl
trixie-perl: Pulling from library/nginx
d7ecded7702a: Pull complete
266626526d42: Pull complete
320b0949be89: Pull complete
d921c57c6a81: Pull complete
9def903993e4: Pull complete
52bc359bcbd7: Pull complete
e2f8e296d9df: Pull complete
9411c6cec747: Pull complete
Digest: sha256:0b65cf0cf107ad6cd2a105f40f96e0acc30f0afd4b130c3cb8ffc222499e3724
Status: Downloaded newer image for nginx:trixie-perl
docker.io/library/nginx:trixie-perl
ubuntu@ip-172-31-9-246:~$ docker ps
CONTAINER ID   IMAGE     COMMAND   CREATED   STATUS    PORTS     NAMES
ubuntu@ip-172-31-9-246:~$
ubuntu@ip-172-31-9-246:~$
ubuntu@ip-172-31-9-246:~$ docker ps
CONTAINER ID   IMAGE     COMMAND   CREATED   STATUS    PORTS     NAMES
ubuntu@ip-172-31-9-246:~$ docker r
rename   (Rename a container)
restart  (Restart one or more containers)
rm       (Remove one or more containers)
rmi      (Remove one or more images)
run      (Create and run a new container from an image)
ubuntu@ip-172-31-9-246:~$ docker run
hello-world:latest  nginx:trixie-perl
ubuntu@ip-172-31-9-246:~$ docker run -dt nginx:trixie-perl
2dd01b0982b02155f0930e9090807636e7603dcfbab9784d74b43406583f322e
ubuntu@ip-172-31-9-246:~$ docker ps
CONTAINER ID   IMAGE               COMMAND                  CREATED         STAT                                                                             US         PORTS     NAMES
2dd01b0982b0   nginx:trixie-perl   "/docker-entrypoint.…"   2 seconds ago   Up 2                                                                              seconds   80/tcp    happy_almeida
ubuntu@ip-172-31-9-246:~$
ubuntu@ip-172-31-9-246:~$
ubuntu@ip-172-31-9-246:~$ docker ps -a
CONTAINER ID   IMAGE                COMMAND                  CREATED          STATUS                                                                                PORTS     NAMES
2dd01b0982b0   nginx:trixie-perl    "/docker-entrypoint.…"   3 minutes ago    Up 3 minutes                                                                          80/tcp    happy_almeida
c9004e7d33a9   hello-world:latest   "/hello"                 7 minutes ago    Exited (0) 7 minutes                                                           ago              flamboyant_lovelace
7a0fdb64d78c   hello-world          "/hello"                 13 minutes ago   Exited (0) 13 minutes                                                           ago             eloquent_bell
ubuntu@ip-172-31-9-246:~$ docker stop 2dd01b0982b0
2dd01b0982b0
ubuntu@ip-172-31-9-246:~$
ubuntu@ip-172-31-9-246:~$
ubuntu@ip-172-31-9-246:~$ docker ps -a
CONTAINER ID   IMAGE                COMMAND                  CREATED          STATUS                                                                                PORTS     NAMES
2dd01b0982b0   nginx:trixie-perl    "/docker-entrypoint.…"   5 minutes ago    Exited (0) 3 seconds                                                           ago              happy_almeida
c9004e7d33a9   hello-world:latest   "/hello"                 8 minutes ago    Exited (0) 8 minutes                                                           ago              flamboyant_lovelace
7a0fdb64d78c   hello-world          "/hello"                 15 minutes ago   Exited (0) 15 minutes                                                           ago             eloquent_bell
ubuntu@ip-172-31-9-246:~$ docker ps
CONTAINER ID   IMAGE     COMMAND   CREATED   STATUS    PORTS     NAMES
ubuntu@ip-172-31-9-246:~$
ubuntu@ip-172-31-9-246:~$
ubuntu@ip-172-31-9-246:~$
ubuntu@ip-172-31-9-246:~$ docker start 2dd01b0982b0
2dd01b0982b0
ubuntu@ip-172-31-9-246:~$ docker ps
CONTAINER ID   IMAGE               COMMAND                  CREATED         STATUS         PORTS                                                               NAMES
2dd01b0982b0   nginx:trixie-perl   "/docker-entrypoint.…"   7 minutes ago   Up 3 seconds   80/tcp                                                              happy_almeida
ubuntu@ip-172-31-9-246:~$
ubuntu@ip-172-31-9-246:~$
ubuntu@ip-172-31-9-246:~$
ubuntu@ip-172-31-9-246:~$ docker ps
CONTAINER ID   IMAGE               COMMAND                  CREATED         STATUS              POR                                                          TS     NAMES
2dd01b0982b0   nginx:trixie-perl   "/docker-entrypoint.…"   9 minutes ago   Up About a minute   80/                                                          tcp    happy_almeida
ubuntu@ip-172-31-9-246:~$ docker stop 2dd01b0982b0
2dd01b0982b0
ubuntu@ip-172-31-9-246:~$
ubuntu@ip-172-31-9-246:~$
ubuntu@ip-172-31-9-246:~$ docker rm 2dd01b0982b0
2dd01b0982b0
ubuntu@ip-172-31-9-246:~$
ubuntu@ip-172-31-9-246:~$
ubuntu@ip-172-31-9-246:~$
ubuntu@ip-172-31-9-246:~$
ubuntu@ip-172-31-9-246:~$ docker run
hello-world:latest  nginx:trixie-perl
ubuntu@ip-172-31-9-246:~$ docker run
hello-world:latest  nginx:trixie-perl
ubuntu@ip-172-31-9-246:~$ docker run -dt nginx:trixie-perl -p 8080:80
179fc0ce54a3add3658f374643b230659f734103b888e3ac842c5530f99afeee
ubuntu@ip-172-31-9-246:~$
ubuntu@ip-172-31-9-246:~$
ubuntu@ip-172-31-9-246:~$ docker ps
CONTAINER ID   IMAGE     COMMAND   CREATED   STATUS    PORTS     NAMES
ubuntu@ip-172-31-9-246:~$ docker run -dt nginx:trixie-perl -p 8080:80
49c188df36b3f83e52d6dd0fe65a5fec3c22dfec051b6eeee06deec757b36ac3
ubuntu@ip-172-31-9-246:~$
ubuntu@ip-172-31-9-246:~$
ubuntu@ip-172-31-9-246:~$
ubuntu@ip-172-31-9-246:~$ docker ps -a
CONTAINER ID   IMAGE                COMMAND                  CREATED              STATUS                            PORTS     NAMES
49c188df36b3   nginx:trixie-perl    "/docker-entrypoint.…"   8 seconds ago        Exited (127) 7 seconds ago                  loving_pike
179fc0ce54a3   nginx:trixie-perl    "/docker-entrypoint.…"   About a minute ago   Exited (127) About a minute ago             inspiring_beaver
c9004e7d33a9   hello-world:latest   "/hello"                 17 minutes ago       Exited (0) 17 minutes ago                   flamboyant_lovelace
7a0fdb64d78c   hello-world          "/hello"                 23 minutes ago       Exited (0) 23 minutes ago                   eloquent_bell
ubuntu@ip-172-31-9-246:~$ docker run -d --name my-nginx -p 8080:80 nginx:trixie-perl
25c1a9bd894da858ac10183bd47e36ed187ee047d8f8a33c96456fb7ea473809
ubuntu@ip-172-31-9-246:~$ docker ps -a
CONTAINER ID   IMAGE                COMMAND                  CREATED              STATUS                            PORTS                                     NAMES
25c1a9bd894d   nginx:trixie-perl    "/docker-entrypoint.…"   3 seconds ago        Up 2 seconds                      0.0.0.0:8080->80/tcp, [::]:8080->80/tcp   my-nginx
49c188df36b3   nginx:trixie-perl    "/docker-entrypoint.…"   About a minute ago   Exited (127) About a minute ago                                             loving_pike
179fc0ce54a3   nginx:trixie-perl    "/docker-entrypoint.…"   2 minutes ago        Exited (127) 2 minutes ago                                                  inspiring_beaver
c9004e7d33a9   hello-world:latest   "/hello"                 17 minutes ago       Exited (0) 17 minutes ago                                                   flamboyant_lovelace
7a0fdb64d78c   hello-world          "/hello"                 24 minutes ago       Exited (0) 24 minutes ago                                                   eloquent_bell
ubuntu@ip-172-31-9-246:~$
ubuntu@ip-172-31-9-246:~$
ubuntu@ip-172-31-9-246:~$
ubuntu@ip-172-31-9-246:~$ docker ps
CONTAINER ID   IMAGE               COMMAND                  CREATED          STATUS          PORTS                                     NAMES
25c1a9bd894d   nginx:trixie-perl   "/docker-entrypoint.…"   10 seconds ago   Up 10 seconds   0.0.0.0:8080->80/tcp, [::]:8080->80/tcp   my-nginx
ubuntu@ip-172-31-9-246:~$
ubuntu@ip-172-31-9-246:~$
ubuntu@ip-172-31-9-246:~$
ubuntu@ip-172-31-9-246:~$ ddocker stop 25c1a9bd894d
Command 'ddocker' not found, did you mean:
  command 'docker' from snap docker (28.4.0)
  command 'docker' from snap docker (28.1.1+1)
  command 'kdocker' from deb kdocker (5.4-1)
  command 'docker' from deb docker.io (28.2.2-0ubuntu1~24.04.1)
  command 'docker' from deb podman-docker (4.9.3+ds1-1ubuntu0.2)
See 'snap info <snapname>' for additional versions.
ubuntu@ip-172-31-9-246:~$ docker stop 25c1a9bd894d
25c1a9bd894d
ubuntu@ip-172-31-9-246:~$ docker rm  25c1a9bd894d
25c1a9bd894d
ubuntu@ip-172-31-9-246:~$ docker run -dt --name=priya -p 80:80
hello-world:latest  nginx:trixie-perl
ubuntu@ip-172-31-9-246:~$ docker run -dt --name=priya -p 80:80
hello-world:latest  nginx:trixie-perl
ubuntu@ip-172-31-9-246:~$ docker run -dt --name=priya -p 80:80 nginx:trixie-perl
b6b2d1165cf87fad62311ceed937825f1cd8de346080612b3217001c994bc9c3
ubuntu@ip-172-31-9-246:~$ docker ps
CONTAINER ID   IMAGE               COMMAND                  CREATED         STATUS         PORTS                                 NAMES
b6b2d1165cf8   nginx:trixie-perl   "/docker-entrypoint.…"   5 seconds ago   Up 4 seconds   0.0.0.0:80->80/tcp, [::]:80->80/tcp   priya
ubuntu@ip-172-31-9-246:~$
ubuntu@ip-172-31-9-246:~$
ubuntu@ip-172-31-9-246:~$ docker pull nginx
Using default tag: latest
latest: Pulling from library/nginx
d7ecded7702a: Already exists
266626526d42: Already exists
320b0949be89: Already exists
d921c57c6a81: Already exists
9def903993e4: Already exists
52bc359bcbd7: Already exists
e2f8e296d9df: Already exists
Digest: sha256:1beed3ca46acebe9d3fb62e9067f03d05d5bfa97a00f30938a0a3580563272ad
Status: Downloaded newer image for nginx:latest
docker.io/library/nginx:latest
ubuntu@ip-172-31-9-246:~$ docker im
image   (Manage images)                                                    import  (Import the contents from a tarball to create a filesystem image)
images  (List images)
ubuntu@ip-172-31-9-246:~$ docker im
image   (Manage images)                                                    import  (Import the contents from a tarball to create a filesystem image)
images  (List images)
ubuntu@ip-172-31-9-246:~$ docker images
REPOSITORY    TAG           IMAGE ID       CREATED        SIZE
nginx         trixie-perl   fdc1a2e0267b   3 days ago     203MB
nginx         latest        d261fd19cb63   3 days ago     152MB
hello-world   latest        1b44b5a3e06a   3 months ago   10.1kB
ubuntu@ip-172-31-9-246:~$
ubuntu@ip-172-31-9-246:~$
ubuntu@ip-172-31-9-246:~$
ubuntu@ip-172-31-9-246:~$ ip a
1: lo: <LOOPBACK,UP,LOWER_UP> mtu 65536 qdisc noqueue state UNKNOWN group default qlen 1000
    link/loopback 00:00:00:00:00:00 brd 00:00:00:00:00:00
    inet 127.0.0.1/8 scope host lo
       valid_lft forever preferred_lft forever
    inet6 ::1/128 scope host noprefixroute
       valid_lft forever preferred_lft forever
2: enX0: <BROADCAST,MULTICAST,UP,LOWER_UP> mtu 9001 qdisc fq_codel state UP group default qlen 1000
    link/ether 02:2a:a6:bd:94:c3 brd ff:ff:ff:ff:ff:ff
    inet 172.31.9.246/20 metric 100 brd 172.31.15.255 scope global dynamic enX0
       valid_lft 3328sec preferred_lft 3328sec
    inet6 fe80::2a:a6ff:febd:94c3/64 scope link
       valid_lft forever preferred_lft forever
3: docker0: <BROADCAST,MULTICAST,UP,LOWER_UP> mtu 1500 qdisc noqueue state UP group default
    link/ether 4e:03:7f:93:c1:bc brd ff:ff:ff:ff:ff:ff
    inet 172.17.0.1/16 brd 172.17.255.255 scope global docker0
       valid_lft forever preferred_lft forever
    inet6 fe80::4c03:7fff:fe93:c1bc/64 scope link
       valid_lft forever preferred_lft forever
16: vethb98f1f4@if2: <BROADCAST,MULTICAST,UP,LOWER_UP> mtu 1500 qdisc noqueue master docker0 state UP group default
    link/ether 36:b7:66:0d:ec:bc brd ff:ff:ff:ff:ff:ff link-netnsid 0
    inet6 fe80::2057:6fff:feec:5ab/64 scope link
       valid_lft forever preferred_lft forever
ubuntu@ip-172-31-9-246:~$ sudo reboot

Broadcast message from root@ip-172-31-9-246 on pts/1 (Sat 2025-11-08 03:18:52 UTC):

The system will reboot now!

ubuntu@ip-172-31-9-246:~$
Using username "ubuntu".
Authenticating with public key "docker"
Welcome to Ubuntu 24.04.3 LTS (GNU/Linux 6.14.0-1016-aws x86_64)

 * Documentation:  https://help.ubuntu.com
 * Management:     https://landscape.canonical.com
 * Support:        https://ubuntu.com/pro

 System information as of Sat Nov  8 02:42:47 UTC 2025

  System load:  0.32              Processes:             113
  Usage of /:   38.7% of 6.71GB   Users logged in:       0
  Memory usage: 24%               IPv4 address for enX0: 172.31.9.246
  Swap usage:   0%


Expanded Security Maintenance for Applications is not enabled.

0 updates can be applied immediately.

Enable ESM Apps to receive additional future security updates.
See https://ubuntu.com/esm or run: sudo pro status


Last login: Sat Nov  8 02:42:48 2025 from 61.27.170.184
ubuntu@ip-172-31-9-246:~$ curl ifconfig.me
3.27.149.52ubuntu@ip-172-31-9-246:~$ reboot
Call to Reboot failed: Interactive authentication required.
ubuntu@ip-172-31-9-246:~$ sudo reboot

Broadcast message from root@ip-172-31-9-246 on pts/1 (Sat 2025-11-08 03:50:56 UTC):

The system will reboot now!

ubuntu@ip-172-31-9-246:~$
Using username "ubuntu".
Authenticating with public key "docker"
Welcome to Ubuntu 24.04.3 LTS (GNU/Linux 6.14.0-1016-aws x86_64)

 * Documentation:  https://help.ubuntu.com
 * Management:     https://landscape.canonical.com
 * Support:        https://ubuntu.com/pro

 System information as of Sat Nov  8 02:42:47 UTC 2025

  System load:  0.32              Processes:             113
  Usage of /:   38.7% of 6.71GB   Users logged in:       0
  Memory usage: 24%               IPv4 address for enX0: 172.31.9.246
  Swap usage:   0%


Expanded Security Maintenance for Applications is not enabled.

0 updates can be applied immediately.

Enable ESM Apps to receive additional future security updates.
See https://ubuntu.com/esm or run: sudo pro status


Last login: Sat Nov  8 03:19:35 2025 from 61.27.170.184
ubuntu@ip-172-31-9-246:~$
ubuntu@ip-172-31-9-246:~$
ubuntu@ip-172-31-9-246:~$
ubuntu@ip-172-31-9-246:~$ curl ifconfig.me
3.27.149.52ubuntu@ip-172-31-9-246:~$
ubuntu@ip-172-31-9-246:~$
ubuntu@ip-172-31-9-246:~$
ubuntu@ip-172-31-9-246:~$
ubuntu@ip-172-31-9-246:~$
ubuntu@ip-172-31-9-246:~$ docker ps
CONTAINER ID   IMAGE     COMMAND   CREATED   STATUS    PORTS     NAMES
ubuntu@ip-172-31-9-246:~$ docker ps -a
CONTAINER ID   IMAGE                COMMAND                  CREATED             STATUS                         PORTS     NAMES
b6b2d1165cf8   nginx:trixie-perl    "/docker-entrypoint.…"   44 minutes ago      Exited (0) 34 minutes ago                priya
49c188df36b3   nginx:trixie-perl    "/docker-entrypoint.…"   52 minutes ago      Exited (127) 52 minutes ago              loving_pike
179fc0ce54a3   nginx:trixie-perl    "/docker-entrypoint.…"   54 minutes ago      Exited (127) 54 minutes ago              inspiring_beaver
c9004e7d33a9   hello-world:latest   "/hello"                 About an hour ago   Exited (0) About an hour ago             flamboyant_lovelace
7a0fdb64d78c   hello-world          "/hello"                 About an hour ago   Exited (0) About an hour ago             eloquent_bell
ubuntu@ip-172-31-9-246:~$
ubuntu@ip-172-31-9-246:~$
ubuntu@ip-172-31-9-246:~$
ubuntu@ip-172-31-9-246:~$ docker run b6b2d1165cf8
Unable to find image 'b6b2d1165cf8:latest' locally
docker: Error response from daemon: pull access denied for b6b2d1165cf8, repository does not exist or may require 'docker login': denied: requested access to the resource is denied

Run 'docker run --help' for more information
ubuntu@ip-172-31-9-246:~$
ubuntu@ip-172-31-9-246:~$
ubuntu@ip-172-31-9-246:~$ docker run nginx:
latest       trixie-perl
ubuntu@ip-172-31-9-246:~$ docker run --dt nginx:latest
unknown flag: --dt

Usage:  docker run [OPTIONS] IMAGE [COMMAND] [ARG...]

Run 'docker run --help' for more information
ubuntu@ip-172-31-9-246:~$ docker r
rename   (Rename a container)                            rmi      (Remove one or more images)
restart  (Restart one or more containers)                run      (Create and run a new container from an image)
rm       (Remove one or more containers)
ubuntu@ip-172-31-9-246:~$ docker run nginx:
latest       trixie-perl
ubuntu@ip-172-31-9-246:~$ docker run nginx:
latest       trixie-perl
ubuntu@ip-172-31-9-246:~$ docker run nginx:latest
/docker-entrypoint.sh: /docker-entrypoint.d/ is not empty, will attempt to perform configuration
/docker-entrypoint.sh: Looking for shell scripts in /docker-entrypoint.d/
/docker-entrypoint.sh: Launching /docker-entrypoint.d/10-listen-on-ipv6-by-default.sh
10-listen-on-ipv6-by-default.sh: info: Getting the checksum of /etc/nginx/conf.d/default.conf
10-listen-on-ipv6-by-default.sh: info: Enabled listen on IPv6 in /etc/nginx/conf.d/default.conf
/docker-entrypoint.sh: Sourcing /docker-entrypoint.d/15-local-resolvers.envsh
/docker-entrypoint.sh: Launching /docker-entrypoint.d/20-envsubst-on-templates.sh
/docker-entrypoint.sh: Launching /docker-entrypoint.d/30-tune-worker-processes.sh
/docker-entrypoint.sh: Configuration complete; ready for start up
2025/11/08 03:55:28 [notice] 1#1: using the "epoll" event method
2025/11/08 03:55:28 [notice] 1#1: nginx/1.29.3
2025/11/08 03:55:28 [notice] 1#1: built by gcc 14.2.0 (Debian 14.2.0-19)
2025/11/08 03:55:28 [notice] 1#1: OS: Linux 6.14.0-1016-aws
2025/11/08 03:55:28 [notice] 1#1: getrlimit(RLIMIT_NOFILE): 1048576:1048576
2025/11/08 03:55:28 [notice] 1#1: start worker processes
2025/11/08 03:55:28 [notice] 1#1: start worker process 29
^C2025/11/08 03:55:32 [notice] 1#1: signal 2 (SIGINT) received, exiting
2025/11/08 03:55:32 [notice] 29#29: exiting
2025/11/08 03:55:32 [notice] 29#29: exit
2025/11/08 03:55:32 [notice] 1#1: signal 17 (SIGCHLD) received from 29
2025/11/08 03:55:32 [notice] 1#1: worker process 29 exited with code 0
2025/11/08 03:55:32 [notice] 1#1: exit
ubuntu@ip-172-31-9-246:~$ docker run --dt nginx:latest -p 80:80
unknown flag: --dt

Usage:  docker run [OPTIONS] IMAGE [COMMAND] [ARG...]

Run 'docker run --help' for more information
ubuntu@ip-172-31-9-246:~$ docker run --dt image=nginx:latest -p 80:80
unknown flag: --dt

Usage:  docker run [OPTIONS] IMAGE [COMMAND] [ARG...]

Run 'docker run --help' for more information
ubuntu@ip-172-31-9-246:~$ docker r
rename   (Rename a container)                            rmi      (Remove one or more images)
restart  (Restart one or more containers)                run      (Create and run a new container from an image)
rm       (Remove one or more containers)
ubuntu@ip-172-31-9-246:~$ docker run -dt -p 80:80 nginx:latest -name priya-test
d8298bebfcf049e7243ef587651e37e708b9273515a9dd7417f2e7451119a2d6
ubuntu@ip-172-31-9-246:~$
ubuntu@ip-172-31-9-246:~$
ubuntu@ip-172-31-9-246:~$ docker ps
CONTAINER ID   IMAGE     COMMAND   CREATED   STATUS    PORTS     NAMES
ubuntu@ip-172-31-9-246:~$
ubuntu@ip-172-31-9-246:~$
ubuntu@ip-172-31-9-246:~$ docker ps -a
CONTAINER ID   IMAGE                COMMAND                  CREATED             STATUS                         PORTS     NAMES
d8298bebfcf0   nginx:latest         "/docker-entrypoint.…"   13 seconds ago      Exited (127) 11 seconds ago              elated_antonelli
b484aea4230b   nginx:latest         "/docker-entrypoint.…"   2 minutes ago       Exited (0) 2 minutes ago                 stoic_chebyshev
b6b2d1165cf8   nginx:trixie-perl    "/docker-entrypoint.…"   48 minutes ago      Exited (0) 38 minutes ago                priya
49c188df36b3   nginx:trixie-perl    "/docker-entrypoint.…"   56 minutes ago      Exited (127) 56 minutes ago              loving_pike
179fc0ce54a3   nginx:trixie-perl    "/docker-entrypoint.…"   58 minutes ago      Exited (127) 58 minutes ago              inspiring_beaver
c9004e7d33a9   hello-world:latest   "/hello"                 About an hour ago   Exited (0) About an hour ago             flamboyant_lovelace
7a0fdb64d78c   hello-world          "/hello"                 About an hour ago   Exited (0) About an hour ago             eloquent_bell
ubuntu@ip-172-31-9-246:~$
ubuntu@ip-172-31-9-246:~$
ubuntu@ip-172-31-9-246:~$ docker run -dt -p 80:80 nginx:latest
1f49a854dedee6ad13b73aa6fd984a1d2de000c4549406b729b875de3a878084
ubuntu@ip-172-31-9-246:~$ docker ps -a
CONTAINER ID   IMAGE                COMMAND                  CREATED             STATUS                         PORTS                                 NAMES
1f49a854dede   nginx:latest         "/docker-entrypoint.…"   3 seconds ago       Up 2 seconds                   0.0.0.0:80->80/tcp, [::]:80->80/tcp   awesome_chaum
d8298bebfcf0   nginx:latest         "/docker-entrypoint.…"   42 seconds ago      Exited (127) 41 seconds ago                                          elated_antonelli
b484aea4230b   nginx:latest         "/docker-entrypoint.…"   2 minutes ago       Exited (0) 2 minutes ago                                             stoic_chebyshev
b6b2d1165cf8   nginx:trixie-perl    "/docker-entrypoint.…"   48 minutes ago      Exited (0) 39 minutes ago                                            priya
49c188df36b3   nginx:trixie-perl    "/docker-entrypoint.…"   56 minutes ago      Exited (127) 56 minutes ago                                          loving_pike
179fc0ce54a3   nginx:trixie-perl    "/docker-entrypoint.…"   58 minutes ago      Exited (127) 58 minutes ago                                          inspiring_beaver
c9004e7d33a9   hello-world:latest   "/hello"                 About an hour ago   Exited (0) About an hour ago                                         flamboyant_lovelace
7a0fdb64d78c   hello-world          "/hello"                 About an hour ago   Exited (0) About an hour ago                                         eloquent_bell
ubuntu@ip-172-31-9-246:~$ curl ipCONFIG
curl: (6) Could not resolve host: ipCONFIG
ubuntu@ip-172-31-9-246:~$ curl ipconfig
curl: (6) Could not resolve host: ipconfig
ubuntu@ip-172-31-9-246:~$ curl ifconfig.me
3.27.149.52ubuntu@ip-172-31-9-246:~$ docker run -dt -p 81:80 nginx:latest --name priya's
> ^C
ubuntu@ip-172-31-9-246:~$ docker run -dt -p 81:80 nginx:latest --name priyaa
a13609393ee528c0e93f9fce70c815e348eea5a3a458df4d99a8b859fcb940f9
ubuntu@ip-172-31-9-246:~$
ubuntu@ip-172-31-9-246:~$
ubuntu@ip-172-31-9-246:~$ docker ps -a
CONTAINER ID   IMAGE                COMMAND                  CREATED             STATUS                           PORTS                                 NAMES
a13609393ee5   nginx:latest         "/docker-entrypoint.…"   6 seconds ago       Exited (127) 5 seconds ago                                             elastic_napier
1f49a854dede   nginx:latest         "/docker-entrypoint.…"   12 minutes ago      Up 12 minutes                    0.0.0.0:80->80/tcp, [::]:80->80/tcp   awesome_chaum
d8298bebfcf0   nginx:latest         "/docker-entrypoint.…"   13 minutes ago      Exited (127) 13 minutes ago                                            elated_antonelli
b484aea4230b   nginx:latest         "/docker-entrypoint.…"   15 minutes ago      Exited (0) 15 minutes ago                                              stoic_chebyshev
b6b2d1165cf8   nginx:trixie-perl    "/docker-entrypoint.…"   About an hour ago   Exited (0) 51 minutes ago                                              priya
49c188df36b3   nginx:trixie-perl    "/docker-entrypoint.…"   About an hour ago   Exited (127) About an hour ago                                         loving_pike
179fc0ce54a3   nginx:trixie-perl    "/docker-entrypoint.…"   About an hour ago   Exited (127) About an hour ago                                         inspiring_beaver
c9004e7d33a9   hello-world:latest   "/hello"                 About an hour ago   Exited (0) About an hour ago                                           flamboyant_lovelace
7a0fdb64d78c   hello-world          "/hello"                 2 hours ago         Exited (0) 2 hours ago                                                 eloquent_bell
ubuntu@ip-172-31-9-246:~$ docker ps
CONTAINER ID   IMAGE          COMMAND                  CREATED          STATUS          PORTS                                 NAMES
1f49a854dede   nginx:latest   "/docker-entrypoint.…"   12 minutes ago   Up 12 minutes   0.0.0.0:80->80/tcp, [::]:80->80/tcp   awesome_chaum
ubuntu@ip-172-31-9-246:~$
ubuntu@ip-172-31-9-246:~$
ubuntu@ip-172-31-9-246:~$
ubuntu@ip-172-31-9-246:~$ docker run -dt -p 81:80 nginx:latest --name priyaa
ecdb32d9877ba0799020bb5a76e377d48f3f05195bb0a1b5f763f7b2d892ba38
ubuntu@ip-172-31-9-246:~$ docker ps
CONTAINER ID   IMAGE          COMMAND                  CREATED          STATUS          PORTS                                 NAMES
1f49a854dede   nginx:latest   "/docker-entrypoint.…"   12 minutes ago   Up 12 minutes   0.0.0.0:80->80/tcp, [::]:80->80/tcp   awesome_chaum
ubuntu@ip-172-31-9-246:~$ docker ps
CONTAINER ID   IMAGE          COMMAND                  CREATED          STATUS          PORTS                                 NAMES
1f49a854dede   nginx:latest   "/docker-entrypoint.…"   13 minutes ago   Up 13 minutes   0.0.0.0:80->80/tcp, [::]:80->80/tcp   awesome_chaum
ubuntu@ip-172-31-9-246:~$ docker ps -a
CONTAINER ID   IMAGE                COMMAND                  CREATED             STATUS                           PORTS                                 NAMES
ecdb32d9877b   nginx:latest         "/docker-entrypoint.…"   9 seconds ago       Exited (127) 8 seconds ago                                             stupefied_davinci
a13609393ee5   nginx:latest         "/docker-entrypoint.…"   40 seconds ago      Exited (127) 39 seconds ago                                            elastic_napier
1f49a854dede   nginx:latest         "/docker-entrypoint.…"   13 minutes ago      Up 13 minutes                    0.0.0.0:80->80/tcp, [::]:80->80/tcp   awesome_chaum
d8298bebfcf0   nginx:latest         "/docker-entrypoint.…"   13 minutes ago      Exited (127) 13 minutes ago                                            elated_antonelli
b484aea4230b   nginx:latest         "/docker-entrypoint.…"   15 minutes ago      Exited (0) 15 minutes ago                                              stoic_chebyshev
b6b2d1165cf8   nginx:trixie-perl    "/docker-entrypoint.…"   About an hour ago   Exited (0) 52 minutes ago                                              priya
49c188df36b3   nginx:trixie-perl    "/docker-entrypoint.…"   About an hour ago   Exited (127) About an hour ago                                         loving_pike
179fc0ce54a3   nginx:trixie-perl    "/docker-entrypoint.…"   About an hour ago   Exited (127) About an hour ago                                         inspiring_beaver
c9004e7d33a9   hello-world:latest   "/hello"                 About an hour ago   Exited (0) About an hour ago                                           flamboyant_lovelace
7a0fdb64d78c   hello-world          "/hello"                 2 hours ago         Exited (0) 2 hours ago                                                 eloquent_bell
ubuntu@ip-172-31-9-246:~$ docker run  --name priyaa -dt -p 81:80 nginx:latest
cb39c49c0509cf409b980c004b35743440d3f1a77b8cec5bcb6be1c3372970d6
ubuntu@ip-172-31-9-246:~$ docker ps -a
CONTAINER ID   IMAGE                COMMAND                  CREATED              STATUS                                                                                      PORTS                                 NAMES
cb39c49c0509   nginx:latest         "/docker-entrypoint.…"   3 seconds ago        Up 2 seconds                                                                                0.0.0.0:81->80/tcp, [::]:81->80/tcp   priyaa
ecdb32d9877b   nginx:latest         "/docker-entrypoint.…"   About a minute ago   Exited (127) Abou                                                          t a minute ago                                         stupefied_davinci
a13609393ee5   nginx:latest         "/docker-entrypoint.…"   About a minute ago   Exited (127) Abou                                                          t a minute ago                                         elastic_napier
1f49a854dede   nginx:latest         "/docker-entrypoint.…"   14 minutes ago       Up 13 minutes                                                                               0.0.0.0:80->80/tcp, [::]:80->80/tcp   awesome_chaum
d8298bebfcf0   nginx:latest         "/docker-entrypoint.…"   14 minutes ago       Exited (127) 14 m                                                          inutes ago                                             elated_antonelli
b484aea4230b   nginx:latest         "/docker-entrypoint.…"   16 minutes ago       Exited (0) 16 min                                                          utes ago                                               stoic_chebyshev
b6b2d1165cf8   nginx:trixie-perl    "/docker-entrypoint.…"   About an hour ago    Exited (0) 53 min                                                          utes ago                                               priya
49c188df36b3   nginx:trixie-perl    "/docker-entrypoint.…"   About an hour ago    Exited (127) Abou                                                          t an hour ago                                          loving_pike
179fc0ce54a3   nginx:trixie-perl    "/docker-entrypoint.…"   About an hour ago    Exited (127) Abou                                                          t an hour ago                                          inspiring_beaver
c9004e7d33a9   hello-world:latest   "/hello"                 About an hour ago    Exited (0) About                                                           an hour ago                                            flamboyant_lovelace
7a0fdb64d78c   hello-world          "/hello"                 2 hours ago          Exited (0) 2 hour                                                          s ago                                                  eloquent_bell
ubuntu@ip-172-31-9-246:~$ docker ps
CONTAINER ID   IMAGE          COMMAND                  CREATED          STATUS          PORTS                                                                                           NAMES
cb39c49c0509   nginx:latest   "/docker-entrypoint.…"   8 seconds ago    Up 7 seconds    0.0.0.0:81-                                                          >80/tcp, [::]:81->80/tcp   priyaa
1f49a854dede   nginx:latest   "/docker-entrypoint.…"   14 minutes ago   Up 14 minutes   0.0.0.0:80-                                                          >80/tcp, [::]:80->80/tcp   awesome_chaum
ubuntu@ip-172-31-9-246:~$
ubuntu@ip-172-31-9-246:~$
ubuntu@ip-172-31-9-246:~$
ubuntu@ip-172-31-9-246:~$ docker ps
CONTAINER ID   IMAGE          COMMAND                  CREATED          STATUS          PORTS                                                                                           NAMES
cb39c49c0509   nginx:latest   "/docker-entrypoint.…"   2 minutes ago    Up 2 minutes    0.0.0.0:81-                                                          >80/tcp, [::]:81->80/tcp   priyaa
1f49a854dede   nginx:latest   "/docker-entrypoint.…"   16 minutes ago   Up 16 minutes   0.0.0.0:80-                                                          >80/tcp, [::]:80->80/tcp   awesome_chaum
ubuntu@ip-172-31-9-246:~$
ubuntu@ip-172-31-9-246:~$
ubuntu@ip-172-31-9-246:~$ docker exec -it priyaa /bin/bash
root@cb39c49c0509:/# cd /usr/share/nginx/html
root@cb39c49c0509:/usr/share/nginx/html# ll
bash: ll: command not found
root@cb39c49c0509:/usr/share/nginx/html# ls
50x.html  index.html
root@cb39c49c0509:/usr/share/nginx/html# vi index.html
bash: vi: command not found
root@cb39c49c0509:/usr/share/nginx/html# echo "<h1>Hello from Priyanka\342\200\231s cus
tom Nginx!</h1>" > index.html
bash: !: event not found
root@cb39c49c0509:/usr/share/nginx/html# echo "<h1>Hello from Priyanka\342\200\231s cus
tom Nginx</h1>" > index.html
root@cb39c49c0509:/usr/share/nginx/html#
root@cb39c49c0509:/usr/share/nginx/html#
root@cb39c49c0509:/usr/share/nginx/html#
root@cb39c49c0509:/usr/share/nginx/html# exit
exit
ubuntu@ip-172-31-9-246:~$
ubuntu@ip-172-31-9-246:~$
ubuntu@ip-172-31-9-246:~$
ubuntu@ip-172-31-9-246:~$ docker exec -it priyaa /bin/bash
root@cb39c49c0509:/#  cd /usr/s
sbin/  share/ src/
root@cb39c49c0509:/#  cd /usr/share/nginx/html/
root@cb39c49c0509:/usr/share/nginx/html# ls
50x.html  index.html
root@cb39c49c0509:/usr/share/nginx/html#
root@cb39c49c0509:/usr/share/nginx/html#
root@cb39c49c0509:/usr/share/nginx/html# echo "this is priyanka's" >> index.html
root@cb39c49c0509:/usr/share/nginx/html#
root@cb39c49c0509:/usr/share/nginx/html#
root@cb39c49c0509:/usr/share/nginx/html#
root@cb39c49c0509:/usr/share/nginx/html# exit
exit
ubuntu@ip-172-31-9-246:~$ docker exec -it awesome_chaum /bin/bash
root@1f49a854dede:/#
root@1f49a854dede:/#
root@1f49a854dede:/#
root@1f49a854dede:/# cd /usr/
bin/     games/   include/ lib/     lib64/   libexec/ local/   sbin/    share/   src/
root@1f49a854dede:/# cd /usr/share/
X11/             debianutils/     gdb/             maven-repo/      tabset/
apt/             dict/            info/            menu/            terminfo/
base-files/      doc/             java/            misc/            util-linux/
base-passwd/     doc-base/        keyrings/        nginx/           xml/
bash-completion/ dpkg/            libc-bin/        pam/             zoneinfo/
bug/             fish/            libgcrypt20/     pam-configs/     zsh/
ca-certificates/ fontconfig/      lintian/         perl5/
common-licenses/ fonts/           locale/          pixmaps/
debconf/         gcc/             man/             polkit-1/
root@1f49a854dede:/# cd /usr/share/nginx/html/
root@1f49a854dede:/usr/share/nginx/html# ls
50x.html  index.html
root@1f49a854dede:/usr/share/nginx/html#
root@1f49a854dede:/usr/share/nginx/html#
root@1f49a854dede:/usr/share/nginx/html#  echo "this is priyanka's" >> index.html
root@1f49a854dede:/usr/share/nginx/html# cat index.html
<!DOCTYPE html>
<html>
<head>
<title>Welcome to nginx!</title>
<style>
html { color-scheme: light dark; }
body { width: 35em; margin: 0 auto;
font-family: Tahoma, Verdana, Arial, sans-serif; }
</style>
</head>
<body>
<h1>Welcome to nginx!</h1>
<p>If you see this page, the nginx web server is successfully installed and
working. Further configuration is required.</p>

<p>For online documentation and support please refer to
<a href="http://nginx.org/">nginx.org</a>.<br/>
Commercial support is available at
<a href="http://nginx.com/">nginx.com</a>.</p>

<p><em>Thank you for using nginx.</em></p>
</body>
</html>
this is priyanka's
root@1f49a854dede:/usr/share/nginx/html#  echo "this is priyanka's" > index.html
root@1f49a854dede:/usr/share/nginx/html# cat /etc/os-release
PRETTY_NAME="Debian GNU/Linux 13 (trixie)"
NAME="Debian GNU/Linux"
VERSION_ID="13"
VERSION="13 (trixie)"
VERSION_CODENAME=trixie
DEBIAN_VERSION_FULL=13.1
ID=debian
HOME_URL="https://www.debian.org/"
SUPPORT_URL="https://www.debian.org/support"
BUG_REPORT_URL="https://bugs.debian.org/"
root@1f49a854dede:/usr/share/nginx/html# exit
exit
ubuntu@ip-172-31-9-246:~$ docker pull ubuntu/nginx:1.18-20.04_beta
1.18-20.04_beta: Pulling from ubuntu/nginx
a47b76b13e60: Pull complete
ffcaa8079fbc: Pull complete
a60ead963b1b: Pull complete
44d1e2008709: Pull complete
Digest: sha256:3acad1ceb49470858c08f553d7cb654329f44ae928e3a265971e110701857935
Status: Downloaded newer image for ubuntu/nginx:1.18-20.04_beta
docker.io/ubuntu/nginx:1.18-20.04_beta
ubuntu@ip-172-31-9-246:~$
ubuntu@ip-172-31-9-246:~$
ubuntu@ip-172-31-9-246:~$
ubuntu@ip-172-31-9-246:~$ docker run --name ubuntu -it -p 80:80 ubuntu/nginx:1.18-20.04_beta
docker: Error response from daemon: failed to set up container networking: driver failed programmin                                                          g external connectivity on endpoint ubuntu (b7dd4b4b76a843b90d2d90d91f5b680dbaf93a7edd776391a427527                                                          5772f851c): Bind for 0.0.0.0:80 failed: port is already allocated

Run 'docker run --help' for more information
ubuntu@ip-172-31-9-246:~$ docker run --name ubuntu -it -p 82:80 ubuntu/nginx:1.18-20.04_beta
docker: Error response from daemon: Conflict. The container name "/ubuntu" is already in use by con                                                          tainer "8dafa8bc27f30354a689616b4d85dee65ff8575dfdf5c7d0e639bedd2ec353e7". You have to remove (or r                                                          ename) that container to be able to reuse that name.

Run 'docker run --help' for more information
ubuntu@ip-172-31-9-246:~$
ubuntu@ip-172-31-9-246:~$
ubuntu@ip-172-31-9-246:~$ docker run --name ubuntu-test -it -p 82:80 ubuntu/nginx:1.18-20.04_beta
/docker-entrypoint.sh: /docker-entrypoint.d/ is not empty, will attempt to perform configuration
/docker-entrypoint.sh: Looking for shell scripts in /docker-entrypoint.d/
/docker-entrypoint.sh: Launching /docker-entrypoint.d/20-envsubst-on-templates.sh
/docker-entrypoint.sh: Configuration complete; ready for start up
^Cubuntu@ip-172-31-9-246:~$
ubuntu@ip-172-31-9-246:~$
ubuntu@ip-172-31-9-246:~$
ubuntu@ip-172-31-9-246:~$ docker run --name ubuntu-test -it -p 82:80 ubuntu/nginx:1.18-20.04_beta ^                                                          C
ubuntu@ip-172-31-9-246:~$ docker ps
CONTAINER ID   IMAGE          COMMAND                  CREATED          STATUS          PORTS                                                                                           NAMES
cb39c49c0509   nginx:latest   "/docker-entrypoint.…"   39 minutes ago   Up 39 minutes   0.0.0.0:81-                                                          >80/tcp, [::]:81->80/tcp   priyaa
1f49a854dede   nginx:latest   "/docker-entrypoint.…"   53 minutes ago   Up 53 minutes   0.0.0.0:80-                                                          >80/tcp, [::]:80->80/tcp   awesome_chaum
ubuntu@ip-172-31-9-246:~$
ubuntu@ip-172-31-9-246:~$
ubuntu@ip-172-31-9-246:~$ docker run --name ubuntu-test -dt -p 82:80 ubuntu/nginx:1.18-20.04_beta
docker: Error response from daemon: Conflict. The container name "/ubuntu-test" is already in use b                                                          y container "e2da1f92af27b1fb61f7c579645c233e526ae0846923c6ccbb618320bdbae31b". You have to remove                                                           (or rename) that container to be able to reuse that name.

Run 'docker run --help' for more information
ubuntu@ip-172-31-9-246:~$
ubuntu@ip-172-31-9-246:~$
ubuntu@ip-172-31-9-246:~$
ubuntu@ip-172-31-9-246:~$ docker ps -a
CONTAINER ID   IMAGE                          COMMAND                  CREATED              STATUS                                                                                  PORTS                                 NAMES
e2da1f92af27   ubuntu/nginx:1.18-20.04_beta   "/docker-entrypoint.…"   29 seconds ago       Exited                                                           (0) 24 seconds ago                                           ubuntu-test
8dafa8bc27f3   ubuntu/nginx:1.18-20.04_beta   "/docker-entrypoint.…"   About a minute ago   Created                                                                                                                       ubuntu
cb39c49c0509   nginx:latest                   "/docker-entrypoint.…"   39 minutes ago       Up 39 m                                                          inutes                 0.0.0.0:81->80/tcp, [::]:81->80/tcp   priyaa
ecdb32d9877b   nginx:latest                   "/docker-entrypoint.…"   40 minutes ago       Exited                                                           (127) 40 minutes ago                                         stupefied_davinci
a13609393ee5   nginx:latest                   "/docker-entrypoint.…"   40 minutes ago       Exited                                                           (127) 40 minutes ago                                         elastic_napier
1f49a854dede   nginx:latest                   "/docker-entrypoint.…"   53 minutes ago       Up 53 m                                                          inutes                 0.0.0.0:80->80/tcp, [::]:80->80/tcp   awesome_chaum
d8298bebfcf0   nginx:latest                   "/docker-entrypoint.…"   53 minutes ago       Exited                                                           (127) 53 minutes ago                                         elated_antonelli
b484aea4230b   nginx:latest                   "/docker-entrypoint.…"   55 minutes ago       Exited                                                           (0) 55 minutes ago                                           stoic_chebyshev
b6b2d1165cf8   nginx:trixie-perl              "/docker-entrypoint.…"   2 hours ago          Exited                                                           (0) 2 hours ago                                              priya
49c188df36b3   nginx:trixie-perl              "/docker-entrypoint.…"   2 hours ago          Exited                                                           (127) 2 hours ago                                            loving_pike
179fc0ce54a3   nginx:trixie-perl              "/docker-entrypoint.…"   2 hours ago          Exited                                                           (127) 2 hours ago                                            inspiring_beaver
c9004e7d33a9   hello-world:latest             "/hello"                 2 hours ago          Exited                                                           (0) 2 hours ago                                              flamboyant_lovelace
7a0fdb64d78c   hello-world                    "/hello"                 2 hours ago          Exited                                                           (0) 2 hours ago                                              eloquent_bell
ubuntu@ip-172-31-9-246:~$ docker ps
CONTAINER ID   IMAGE          COMMAND                  CREATED          STATUS          PORTS                                 NAMES
cb39c49c0509   nginx:latest   "/docker-entrypoint.…"   40 minutes ago   Up 40 minutes   0.0.0.0:81->80/tcp, [::]:81->80/tcp   priyaa
1f49a854dede   nginx:latest   "/docker-entrypoint.…"   54 minutes ago   Up 54 minutes   0.0.0.0:80->80/tcp, [::]:80->80/tcp   awesome_chaum
ubuntu@ip-172-31-9-246:~$
ubuntu@ip-172-31-9-246:~$
ubuntu@ip-172-31-9-246:~$
ubuntu@ip-172-31-9-246:~$ docker stop 8dafa8bc27f3
8dafa8bc27f3
ubuntu@ip-172-31-9-246:~$ docker rm 8dafa8bc27f3
8dafa8bc27f3
ubuntu@ip-172-31-9-246:~$
ubuntu@ip-172-31-9-246:~$
ubuntu@ip-172-31-9-246:~$
ubuntu@ip-172-31-9-246:~$ docker run --name ubuntu-test -dt -p 82:80 ubuntu/nginx:1.18-20.04_beta
docker: Error response from daemon: Conflict. The container name "/ubuntu-test" is already in use by container "e2da1f92af27b1fb61f7c579645c233e526ae0846923c6ccbb618320bdbae31b". You have to remove (or rename) that container to be able to reuse that name.

Run 'docker run --help' for more information
ubuntu@ip-172-31-9-246:~$ docker run --name ubuntu-test-priya -dt -p 82:80 ubuntu/nginx:1.18-20.04_beta
321c763f2a98035c0444013feb48959f892efa632fc4a62ada0cfaecdef95ce7
ubuntu@ip-172-31-9-246:~$
ubuntu@ip-172-31-9-246:~$
ubuntu@ip-172-31-9-246:~$
ubuntu@ip-172-31-9-246:~$ docker ps
CONTAINER ID   IMAGE                          COMMAND                  CREATED          STATUS          PORTS                                 NAMES
321c763f2a98   ubuntu/nginx:1.18-20.04_beta   "/docker-entrypoint.…"   7 seconds ago    Up 6 seconds    0.0.0.0:82->80/tcp, [::]:82->80/tcp   ubuntu-test-priya
cb39c49c0509   nginx:latest                   "/docker-entrypoint.…"   40 minutes ago   Up 40 minutes   0.0.0.0:81->80/tcp, [::]:81->80/tcp   priyaa
1f49a854dede   nginx:latest                   "/docker-entrypoint.…"   54 minutes ago   Up 54 minutes   0.0.0.0:80->80/tcp, [::]:80->80/tcp   awesome_chaum
ubuntu@ip-172-31-9-246:~$
ubuntu@ip-172-31-9-246:~$
ubuntu@ip-172-31-9-246:~$
ubuntu@ip-172-31-9-246:~$
ubuntu@ip-172-31-9-246:~$
ubuntu@ip-172-31-9-246:~$
ubuntu@ip-172-31-9-246:~$ docker exec -it ubuntu-test-priya /bin/sh
#
#
#
# cat /etc/
cat: /etc/: Is a directory
#
#
# cd /etc/
# ll
/bin/sh: 8: ll: not found
# ls
adduser.conf            debconf.conf    fstab      hosts        ld.so.conf.d   mke2fs.conf    pam.d      rc3.d        selinux      sysctl.d
alternatives            debian_version  gai.conf   init.d       legal          mtab           passwd     rc4.d        shadow       systemd
apt                     default         group      iproute2     libaudit.conf  networks       passwd-    rc5.d        shadow-      terminfo
bash.bashrc             deluser.conf    group-     issue        localtime      nginx          profile    rc6.d        shells       timezone
bindresvport.blacklist  dpkg            gshadow    issue.net    login.defs     nsswitch.conf  profile.d  rcS.d        skel         ucf.conf
cloud                   e2scrub.conf    gshadow-   kernel       logrotate.d    opt            rc0.d      resolv.conf  subgid       ufw
cron.d                  environment     host.conf  ld.so.cache  lsb-release    os-release     rc1.d      rmt          subuid       update-motd.d
cron.daily              fonts           hostname   ld.so.conf   machine-id     pam.conf       rc2.d      security     sysctl.conf  xattr.conf
# cat os-release
NAME="Ubuntu"
VERSION="20.04.6 LTS (Focal Fossa)"
ID=ubuntu
ID_LIKE=debian
PRETTY_NAME="Ubuntu 20.04.6 LTS"
VERSION_ID="20.04"
HOME_URL="https://www.ubuntu.com/"
SUPPORT_URL="https://help.ubuntu.com/"
BUG_REPORT_URL="https://bugs.launchpad.net/ubuntu/"
PRIVACY_POLICY_URL="https://www.ubuntu.com/legal/terms-and-policies/privacy-policy"
VERSION_CODENAME=focal
UBUNTU_CODENAME=focal
#
#
#
# cd /u
/bin/sh: 14: cd: can't cd to /u
# cd usr
/bin/sh: 15: cd: can't cd to usr
#
#
# cd /usr
# ls
bin  games  include  lib  lib32  lib64  libx32  local  sbin  share  src
# cd share
# ls
X11         base-passwd      debconf      doc-base  gdb       libc-bin  menu   pam-configs  rocks           vim
adduser     bash-completion  debianutils  dpkg      info      lintian   misc   perl5        sensible-utils  xml
apport      bug              dict         fonts     java      locale    nginx  pixmaps      tabset          zoneinfo
base-files  common-licenses  doc          gcc       keyrings  man       pam    polkit-1     terminfo        zoneinfo-icu
# cd ng
/bin/sh: 22: cd: can't cd to ng
# ls
X11         base-passwd      debconf      doc-base  gdb       libc-bin  menu   pam-configs  rocks           vim
adduser     bash-completion  debianutils  dpkg      info      lintian   misc   perl5        sensible-utils  xml
apport      bug              dict         fonts     java      locale    nginx  pixmaps      tabset          zoneinfo
base-files  common-licenses  doc          gcc       keyrings  man       pam    polkit-1     terminfo        zoneinfo-icu
#
#
# cd nginx
# ls
html  modules  modules-available
# cd html
# ls
index.html
#
#
#
# echo "priya's ubuntu" > index.html
#
#
#
# exit
ubuntu@ip-172-31-9-246:~$
ubuntu@ip-172-31-9-246:~$ docker exec -it ubuntu-test-priya /bin
OCI runtime exec failed: exec failed: unable to start container process: exec: "/bin": is a directory: unknown: permission denied
ubuntu@ip-172-31-9-246:~$ docker exec -it ubuntu-test-priya /bin/bash
root@321c763f2a98:/#
root@321c763f2a98:/#
root@321c763f2a98:/#
root@321c763f2a98:/# cd /usr/share/nginx/html/
root@321c763f2a98:/usr/share/nginx/html# ls
index.html
root@321c763f2a98:/usr/share/nginx/html#
root@321c763f2a98:/usr/share/nginx/html#
root@321c763f2a98:/usr/share/nginx/html# echo "priya's ubuntu" > index.html
root@321c763f2a98:/usr/share/nginx/html#
root@321c763f2a98:/usr/share/nginx/html#
root@321c763f2a98:/usr/share/nginx/html# echo "Hello again" >> index.html
root@321c763f2a98:/usr/share/nginx/html#
root@321c763f2a98:/usr/share/nginx/html#
root@321c763f2a98:/usr/share/nginx/html#
root@321c763f2a98:/usr/share/nginx/html#
root@321c763f2a98:/usr/share/nginx/html#
